// Jest Snapshot v1, https://goo.gl/fbAQLP

exports[`Call component should be rendered if passed a valid object 1`] = `
<ContextConsumer>
  <Component />
</ContextConsumer>
`;
