// Jest Snapshot v1, https://goo.gl/fbAQLP

exports[`NoContactSplitDistrict component snapshot renders correctly when splitDistrict=true 1`] = `
<Translate(NoContactSplitDistrict)
  clearLocation={[Function]}
  splitDistrict={false}
  t={[Function]}
/>
`;
