// Jest Snapshot v1, https://goo.gl/fbAQLP

exports[`Script component should be rendered if passed a valid object 1`] = `<span />`;
